Archive member included because of file (symbol)

d:/imt_tool/imt_sdk_win_64/winavr/bin/../lib/gcc/avr/4.3.3/avr5\libgcc.a(_mulsi3.o)
                              ./HAL/SERVO/SERVO_program.o (__mulsi3)
d:/imt_tool/imt_sdk_win_64/winavr/bin/../lib/gcc/avr/4.3.3/avr5\libgcc.a(_udivmodhi4.o)
                              ./MCAL/TIMER/TIMER_program.o (__udivmodhi4)
d:/imt_tool/imt_sdk_win_64/winavr/bin/../lib/gcc/avr/4.3.3/avr5\libgcc.a(_divmodhi4.o)
                              ./MCAL/TIMER/TIMER_program.o (__divmodhi4)
d:/imt_tool/imt_sdk_win_64/winavr/bin/../lib/gcc/avr/4.3.3/avr5\libgcc.a(_udivmodsi4.o)
                              ./HAL/SERVO/SERVO_program.o (__udivmodsi4)
d:/imt_tool/imt_sdk_win_64/winavr/bin/../lib/gcc/avr/4.3.3/avr5\libgcc.a(_exit.o)
                              d:/imt_tool/imt_sdk_win_64/winavr/bin/../lib/gcc/avr/4.3.3/../../../../avr/lib/avr5/crtm32.o (exit)
d:/imt_tool/imt_sdk_win_64/winavr/bin/../lib/gcc/avr/4.3.3/avr5\libgcc.a(_clear_bss.o)
                              ./MCAL/TIMER/TIMER_program.o (__do_clear_bss)
d:/imt_tool/imt_sdk_win_64/winavr/bin/../lib/gcc/avr/4.3.3/avr5\libgcc.a(_fixunssfsi.o)
                              ./MCAL/UART/UART_program.o (__fixunssfsi)
d:/imt_tool/imt_sdk_win_64/winavr/bin/../lib/gcc/avr/4.3.3/avr5\libgcc.a(_addsub_sf.o)
                              d:/imt_tool/imt_sdk_win_64/winavr/bin/../lib/gcc/avr/4.3.3/avr5\libgcc.a(_fixunssfsi.o) (__subsf3)
d:/imt_tool/imt_sdk_win_64/winavr/bin/../lib/gcc/avr/4.3.3/avr5\libgcc.a(_mul_sf.o)
                              ./MCAL/UART/UART_program.o (__mulsf3)
d:/imt_tool/imt_sdk_win_64/winavr/bin/../lib/gcc/avr/4.3.3/avr5\libgcc.a(_div_sf.o)
                              ./MCAL/TIMER/TIMER_program.o (__divsf3)
d:/imt_tool/imt_sdk_win_64/winavr/bin/../lib/gcc/avr/4.3.3/avr5\libgcc.a(_gt_sf.o)
                              ./MCAL/UART/UART_program.o (__gtsf2)
d:/imt_tool/imt_sdk_win_64/winavr/bin/../lib/gcc/avr/4.3.3/avr5\libgcc.a(_ge_sf.o)
                              d:/imt_tool/imt_sdk_win_64/winavr/bin/../lib/gcc/avr/4.3.3/avr5\libgcc.a(_fixunssfsi.o) (__gesf2)
d:/imt_tool/imt_sdk_win_64/winavr/bin/../lib/gcc/avr/4.3.3/avr5\libgcc.a(_lt_sf.o)
                              ./MCAL/UART/UART_program.o (__ltsf2)
d:/imt_tool/imt_sdk_win_64/winavr/bin/../lib/gcc/avr/4.3.3/avr5\libgcc.a(_sf_to_si.o)
                              d:/imt_tool/imt_sdk_win_64/winavr/bin/../lib/gcc/avr/4.3.3/avr5\libgcc.a(_fixunssfsi.o) (__fixsfsi)
d:/imt_tool/imt_sdk_win_64/winavr/bin/../lib/gcc/avr/4.3.3/avr5\libgcc.a(_thenan_sf.o)
                              d:/imt_tool/imt_sdk_win_64/winavr/bin/../lib/gcc/avr/4.3.3/avr5\libgcc.a(_addsub_sf.o) (__thenan_sf)
d:/imt_tool/imt_sdk_win_64/winavr/bin/../lib/gcc/avr/4.3.3/avr5\libgcc.a(_usi_to_sf.o)
                              ./HAL/ULTRASONIC/ULTRASONIC_program.o (__floatunsisf)
d:/imt_tool/imt_sdk_win_64/winavr/bin/../lib/gcc/avr/4.3.3/avr5\libgcc.a(_prologue.o)
                              d:/imt_tool/imt_sdk_win_64/winavr/bin/../lib/gcc/avr/4.3.3/avr5\libgcc.a(_addsub_sf.o) (__prologue_saves__)
d:/imt_tool/imt_sdk_win_64/winavr/bin/../lib/gcc/avr/4.3.3/avr5\libgcc.a(_epilogue.o)
                              d:/imt_tool/imt_sdk_win_64/winavr/bin/../lib/gcc/avr/4.3.3/avr5\libgcc.a(_addsub_sf.o) (__epilogue_restores__)
d:/imt_tool/imt_sdk_win_64/winavr/bin/../lib/gcc/avr/4.3.3/avr5\libgcc.a(_copy_data.o)
                              d:/imt_tool/imt_sdk_win_64/winavr/bin/../lib/gcc/avr/4.3.3/avr5\libgcc.a(_thenan_sf.o) (__do_copy_data)
d:/imt_tool/imt_sdk_win_64/winavr/bin/../lib/gcc/avr/4.3.3/avr5\libgcc.a(_clzsi2.o)
                              d:/imt_tool/imt_sdk_win_64/winavr/bin/../lib/gcc/avr/4.3.3/avr5\libgcc.a(_usi_to_sf.o) (__clzsi2)
d:/imt_tool/imt_sdk_win_64/winavr/bin/../lib/gcc/avr/4.3.3/avr5\libgcc.a(_pack_sf.o)
                              d:/imt_tool/imt_sdk_win_64/winavr/bin/../lib/gcc/avr/4.3.3/avr5\libgcc.a(_addsub_sf.o) (__pack_f)
d:/imt_tool/imt_sdk_win_64/winavr/bin/../lib/gcc/avr/4.3.3/avr5\libgcc.a(_unpack_sf.o)
                              d:/imt_tool/imt_sdk_win_64/winavr/bin/../lib/gcc/avr/4.3.3/avr5\libgcc.a(_addsub_sf.o) (__unpack_f)
d:/imt_tool/imt_sdk_win_64/winavr/bin/../lib/gcc/avr/4.3.3/avr5\libgcc.a(_fpcmp_parts_sf.o)
                              d:/imt_tool/imt_sdk_win_64/winavr/bin/../lib/gcc/avr/4.3.3/avr5\libgcc.a(_gt_sf.o) (__fpcmp_parts_f)
d:/imt_tool/imt_sdk_win_64/winavr/bin/../lib/gcc/avr/4.3.3/avr5\libgcc.a(_clz.o)
                              d:/imt_tool/imt_sdk_win_64/winavr/bin/../lib/gcc/avr/4.3.3/avr5\libgcc.a(_clzsi2.o) (__clz_tab)

Allocating common symbols
Common symbol       size              file

TIMER1_u8MODEPWM    0x1               ./MCAL/TIMER/TIMER_program.o
TIMER0_f32PreloodValue
                    0x4               ./MCAL/TIMER/TIMER_program.o
TIMER0_f32OVCounterTmp
                    0x4               ./MCAL/TIMER/TIMER_program.o
TIMER0_u16Prescaller
                    0x4               ./MCAL/TIMER/TIMER_program.o
TIMER2_f32OVCounter
                    0x4               ./MCAL/TIMER/TIMER_program.o
TIMER2_u16Prescaller
                    0x4               ./MCAL/TIMER/TIMER_program.o
TIMER0_f32CounterCTC
                    0x4               ./MCAL/TIMER/TIMER_program.o
TIMER2_f32CounterCTC
                    0x4               ./MCAL/TIMER/TIMER_program.o
TIMER2_f32PreloodValue
                    0x4               ./MCAL/TIMER/TIMER_program.o

Memory Configuration

Name             Origin             Length             Attributes
text             0x00000000         0x00020000         xr
data             0x00800060         0x0000ffa0         rw !x
eeprom           0x00810000         0x00010000         rw !x
fuse             0x00820000         0x00000400         rw !x
lock             0x00830000         0x00000400         rw !x
signature        0x00840000         0x00000400         rw !x
*default*        0x00000000         0xffffffff

Linker script and memory map

LOAD d:/imt_tool/imt_sdk_win_64/winavr/bin/../lib/gcc/avr/4.3.3/../../../../avr/lib/avr5/crtm32.o
LOAD ./MCAL/UART/UART_program.o
LOAD ./MCAL/TIMER/TIMER_program.o
LOAD ./MCAL/GI/GI_program.o
LOAD ./MCAL/DIO/DIO_program.o
LOAD ./HAL/ULTRASONIC/ULTRASONIC_program.o
LOAD ./HAL/SERVO/SERVO_program.o
LOAD ./HAL/BUZZER/BUZZER_program.o
LOAD ./APP/main.o
LOAD d:/imt_tool/imt_sdk_win_64/winavr/bin/../lib/gcc/avr/4.3.3/avr5\libgcc.a
LOAD d:/imt_tool/imt_sdk_win_64/winavr/bin/../lib/gcc/avr/4.3.3/../../../../avr/lib/avr5\libc.a
LOAD d:/imt_tool/imt_sdk_win_64/winavr/bin/../lib/gcc/avr/4.3.3/avr5\libgcc.a

.hash
 *(.hash)

.dynsym
 *(.dynsym)

.dynstr
 *(.dynstr)

.gnu.version
 *(.gnu.version)

.gnu.version_d
 *(.gnu.version_d)

.gnu.version_r
 *(.gnu.version_r)

.rel.init
 *(.rel.init)

.rela.init
 *(.rela.init)

.rel.text
 *(.rel.text)
 *(.rel.text.*)
 *(.rel.gnu.linkonce.t*)

.rela.text
 *(.rela.text)
 *(.rela.text.*)
 *(.rela.gnu.linkonce.t*)

.rel.fini
 *(.rel.fini)

.rela.fini
 *(.rela.fini)

.rel.rodata
 *(.rel.rodata)
 *(.rel.rodata.*)
 *(.rel.gnu.linkonce.r*)

.rela.rodata
 *(.rela.rodata)
 *(.rela.rodata.*)
 *(.rela.gnu.linkonce.r*)

.rel.data
 *(.rel.data)
 *(.rel.data.*)
 *(.rel.gnu.linkonce.d*)

.rela.data
 *(.rela.data)
 *(.rela.data.*)
 *(.rela.gnu.linkonce.d*)

.rel.ctors
 *(.rel.ctors)

.rela.ctors
 *(.rela.ctors)

.rel.dtors
 *(.rel.dtors)

.rela.dtors
 *(.rela.dtors)

.rel.got
 *(.rel.got)

.rela.got
 *(.rela.got)

.rel.bss
 *(.rel.bss)

.rela.bss
 *(.rela.bss)

.rel.plt
 *(.rel.plt)

.rela.plt
 *(.rela.plt)

.text           0x00000000     0x6434
 *(.vectors)
 .vectors       0x00000000       0x54 d:/imt_tool/imt_sdk_win_64/winavr/bin/../lib/gcc/avr/4.3.3/../../../../avr/lib/avr5/crtm32.o
                0x00000000                __vectors
                0x00000000                __vector_default
 *(.vectors)
 *(.progmem.gcc*)
 *(.progmem*)
                0x00000054                . = ALIGN (0x2)
                0x00000054                __trampolines_start = .
 *(.trampolines)
 .trampolines   0x00000054        0x0 linker stubs
 *(.trampolines*)
                0x00000054                __trampolines_end = .
 *(.jumptables)
 *(.jumptables*)
 *(.lowtext)
 *(.lowtext*)
                0x00000054                __ctors_start = .
 *(.ctors)
                0x00000054                __ctors_end = .
                0x00000054                __dtors_start = .
 *(.dtors)
                0x00000054                __dtors_end = .
 SORT(*)(.ctors)
 SORT(*)(.dtors)
 *(.init0)
 .init0         0x00000054        0x0 d:/imt_tool/imt_sdk_win_64/winavr/bin/../lib/gcc/avr/4.3.3/../../../../avr/lib/avr5/crtm32.o
                0x00000054                __init
 *(.init0)
 *(.init1)
 *(.init1)
 *(.init2)
 .init2         0x00000054        0xc d:/imt_tool/imt_sdk_win_64/winavr/bin/../lib/gcc/avr/4.3.3/../../../../avr/lib/avr5/crtm32.o
 *(.init2)
 *(.init3)
 *(.init3)
 *(.init4)
 .init4         0x00000060       0x10 d:/imt_tool/imt_sdk_win_64/winavr/bin/../lib/gcc/avr/4.3.3/avr5\libgcc.a(_clear_bss.o)
                0x00000060                __do_clear_bss
 .init4         0x00000070       0x16 d:/imt_tool/imt_sdk_win_64/winavr/bin/../lib/gcc/avr/4.3.3/avr5\libgcc.a(_copy_data.o)
                0x00000070                __do_copy_data
 *(.init4)
 *(.init5)
 *(.init5)
 *(.init6)
 *(.init6)
 *(.init7)
 *(.init7)
 *(.init8)
 *(.init8)
 *(.init9)
 .init9         0x00000086        0x8 d:/imt_tool/imt_sdk_win_64/winavr/bin/../lib/gcc/avr/4.3.3/../../../../avr/lib/avr5/crtm32.o
 *(.init9)
 *(.text)
 .text          0x0000008e        0x4 d:/imt_tool/imt_sdk_win_64/winavr/bin/../lib/gcc/avr/4.3.3/../../../../avr/lib/avr5/crtm32.o
                0x0000008e                __vector_1
                0x0000008e                __vector_12
                0x0000008e                __bad_interrupt
                0x0000008e                __vector_3
                0x0000008e                __vector_13
                0x0000008e                __vector_17
                0x0000008e                __vector_19
                0x0000008e                __vector_7
                0x0000008e                __vector_9
                0x0000008e                __vector_2
                0x0000008e                __vector_15
                0x0000008e                __vector_8
                0x0000008e                __vector_14
                0x0000008e                __vector_16
                0x0000008e                __vector_18
                0x0000008e                __vector_20
 .text          0x00000092        0x0 ./MCAL/UART/UART_program.o
 .text          0x00000092        0x0 ./MCAL/TIMER/TIMER_program.o
 .text          0x00000092        0x0 ./MCAL/GI/GI_program.o
 .text          0x00000092        0x0 ./MCAL/DIO/DIO_program.o
 .text          0x00000092        0x0 ./HAL/ULTRASONIC/ULTRASONIC_program.o
 .text          0x00000092        0x0 ./HAL/SERVO/SERVO_program.o
 .text          0x00000092        0x0 ./HAL/BUZZER/BUZZER_program.o
 .text          0x00000092        0x0 ./APP/main.o
 .text          0x00000092        0x0 d:/imt_tool/imt_sdk_win_64/winavr/bin/../lib/gcc/avr/4.3.3/avr5\libgcc.a(_mulsi3.o)
 .text          0x00000092        0x0 d:/imt_tool/imt_sdk_win_64/winavr/bin/../lib/gcc/avr/4.3.3/avr5\libgcc.a(_udivmodhi4.o)
 .text          0x00000092        0x0 d:/imt_tool/imt_sdk_win_64/winavr/bin/../lib/gcc/avr/4.3.3/avr5\libgcc.a(_divmodhi4.o)
 .text          0x00000092        0x0 d:/imt_tool/imt_sdk_win_64/winavr/bin/../lib/gcc/avr/4.3.3/avr5\libgcc.a(_udivmodsi4.o)
 .text          0x00000092        0x0 d:/imt_tool/imt_sdk_win_64/winavr/bin/../lib/gcc/avr/4.3.3/avr5\libgcc.a(_exit.o)
 .text          0x00000092        0x0 d:/imt_tool/imt_sdk_win_64/winavr/bin/../lib/gcc/avr/4.3.3/avr5\libgcc.a(_clear_bss.o)
 .text          0x00000092       0x58 d:/imt_tool/imt_sdk_win_64/winavr/bin/../lib/gcc/avr/4.3.3/avr5\libgcc.a(_fixunssfsi.o)
                0x00000092                __fixunssfsi
 .text          0x000000ea      0x354 d:/imt_tool/imt_sdk_win_64/winavr/bin/../lib/gcc/avr/4.3.3/avr5\libgcc.a(_addsub_sf.o)
                0x00000382                __subsf3
                0x000003e4                __addsf3
 .text          0x0000043e      0x1f4 d:/imt_tool/imt_sdk_win_64/winavr/bin/../lib/gcc/avr/4.3.3/avr5\libgcc.a(_mul_sf.o)
                0x0000043e                __mulsf3
 .text          0x00000632      0x158 d:/imt_tool/imt_sdk_win_64/winavr/bin/../lib/gcc/avr/4.3.3/avr5\libgcc.a(_div_sf.o)
                0x00000632                __divsf3
 .text          0x0000078a       0x60 d:/imt_tool/imt_sdk_win_64/winavr/bin/../lib/gcc/avr/4.3.3/avr5\libgcc.a(_gt_sf.o)
                0x0000078a                __gtsf2
 .text          0x000007ea       0x60 d:/imt_tool/imt_sdk_win_64/winavr/bin/../lib/gcc/avr/4.3.3/avr5\libgcc.a(_ge_sf.o)
                0x000007ea                __gesf2
 .text          0x0000084a       0x60 d:/imt_tool/imt_sdk_win_64/winavr/bin/../lib/gcc/avr/4.3.3/avr5\libgcc.a(_lt_sf.o)
                0x0000084a                __ltsf2
 .text          0x000008aa       0xa8 d:/imt_tool/imt_sdk_win_64/winavr/bin/../lib/gcc/avr/4.3.3/avr5\libgcc.a(_sf_to_si.o)
                0x000008aa                __fixsfsi
 .text          0x00000952        0x0 d:/imt_tool/imt_sdk_win_64/winavr/bin/../lib/gcc/avr/4.3.3/avr5\libgcc.a(_thenan_sf.o)
 .text          0x00000952       0xf2 d:/imt_tool/imt_sdk_win_64/winavr/bin/../lib/gcc/avr/4.3.3/avr5\libgcc.a(_usi_to_sf.o)
                0x00000952                __floatunsisf
 .text          0x00000a44        0x0 d:/imt_tool/imt_sdk_win_64/winavr/bin/../lib/gcc/avr/4.3.3/avr5\libgcc.a(_prologue.o)
 .text          0x00000a44        0x0 d:/imt_tool/imt_sdk_win_64/winavr/bin/../lib/gcc/avr/4.3.3/avr5\libgcc.a(_epilogue.o)
 .text          0x00000a44        0x0 d:/imt_tool/imt_sdk_win_64/winavr/bin/../lib/gcc/avr/4.3.3/avr5\libgcc.a(_copy_data.o)
 .text          0x00000a44       0x9e d:/imt_tool/imt_sdk_win_64/winavr/bin/../lib/gcc/avr/4.3.3/avr5\libgcc.a(_clzsi2.o)
                0x00000a44                __clzsi2
 .text          0x00000ae2      0x1aa d:/imt_tool/imt_sdk_win_64/winavr/bin/../lib/gcc/avr/4.3.3/avr5\libgcc.a(_pack_sf.o)
                0x00000ae2                __pack_f
 .text          0x00000c8c       0xf0 d:/imt_tool/imt_sdk_win_64/winavr/bin/../lib/gcc/avr/4.3.3/avr5\libgcc.a(_unpack_sf.o)
                0x00000c8c                __unpack_f
 .text          0x00000d7c       0xb2 d:/imt_tool/imt_sdk_win_64/winavr/bin/../lib/gcc/avr/4.3.3/avr5\libgcc.a(_fpcmp_parts_sf.o)
                0x00000d7c                __fpcmp_parts_f
 .text          0x00000e2e        0x0 d:/imt_tool/imt_sdk_win_64/winavr/bin/../lib/gcc/avr/4.3.3/avr5\libgcc.a(_clz.o)
                0x00000e2e                . = ALIGN (0x2)
 *(.text.*)
 .text.UART_voidInit
                0x00000e2e       0xd6 ./MCAL/UART/UART_program.o
                0x00000e2e                UART_voidInit
 .text.UART_voidSendChar
                0x00000f04       0x2e ./MCAL/UART/UART_program.o
                0x00000f04                UART_voidSendChar
 .text.UART_voidSendString
                0x00000f32      0x146 ./MCAL/UART/UART_program.o
                0x00000f32                UART_voidSendString
 .text.UART_u8GetCharBlocking
                0x00001078       0x26 ./MCAL/UART/UART_program.o
                0x00001078                UART_u8GetCharBlocking
 .text.UART_u8GetCharNonBlocking
                0x0000109e       0x44 ./MCAL/UART/UART_program.o
                0x0000109e                UART_u8GetCharNonBlocking
 .text.TIMER_voidTimer0Init
                0x000010e2       0x88 ./MCAL/TIMER/TIMER_program.o
                0x000010e2                TIMER_voidTimer0Init
 .text.TIMER_voidTimer0Delay
                0x0000116a       0x2c ./MCAL/TIMER/TIMER_program.o
                0x0000116a                TIMER_voidTimer0Delay
 .text.TIMER_voidTimer0GeneratePWM
                0x00001196       0x82 ./MCAL/TIMER/TIMER_program.o
                0x00001196                TIMER_voidTimer0GeneratePWM
 .text.__vector_11
                0x00001218       0xb2 ./MCAL/TIMER/TIMER_program.o
                0x00001218                __vector_11
 .text.__vector_10
                0x000012ca       0x9c ./MCAL/TIMER/TIMER_program.o
                0x000012ca                __vector_10
 .text.TIMER_voidTimer2Init
                0x00001366       0x88 ./MCAL/TIMER/TIMER_program.o
                0x00001366                TIMER_voidTimer2Init
 .text.TIMER_voidTimer2Delay
                0x000013ee       0x2c ./MCAL/TIMER/TIMER_program.o
                0x000013ee                TIMER_voidTimer2Delay
 .text.TIMER_voidTimer2GeneratePWM
                0x0000141a       0x82 ./MCAL/TIMER/TIMER_program.o
                0x0000141a                TIMER_voidTimer2GeneratePWM
 .text.__vector_5
                0x0000149c       0xb2 ./MCAL/TIMER/TIMER_program.o
                0x0000149c                __vector_5
 .text.__vector_4
                0x0000154e       0x9c ./MCAL/TIMER/TIMER_program.o
                0x0000154e                __vector_4
 .text.TIMER_voidTimer1Enable
                0x000015ea      0x6b6 ./MCAL/TIMER/TIMER_program.o
                0x000015ea                TIMER_voidTimer1Enable
 .text.TIMER_voidTimer1GeneratePWMOCR1A
                0x00001ca0      0x1ae ./MCAL/TIMER/TIMER_program.o
                0x00001ca0                TIMER_voidTimer1GeneratePWMOCR1A
 .text.TIMER_voidTimer1GeneratePWMOCR1B
                0x00001e4e      0x1ae ./MCAL/TIMER/TIMER_program.o
                0x00001e4e                TIMER_voidTimer1GeneratePWMOCR1B
 .text.TIMER_voidTimer1SetOCR1A
                0x00001ffc       0x2e ./MCAL/TIMER/TIMER_program.o
                0x00001ffc                TIMER_voidTimer1SetOCR1A
 .text.TIMER_voidTimer1SetOCR1B
                0x0000202a       0x24 ./MCAL/TIMER/TIMER_program.o
                0x0000202a                TIMER_voidTimer1SetOCR1B
 .text.TIMER_voidTimer1SetICR1
                0x0000204e       0x2e ./MCAL/TIMER/TIMER_program.o
                0x0000204e                TIMER_voidTimer1SetICR1
 .text.TIMER_voidTimer1ICUInit
                0x0000207c       0x54 ./MCAL/TIMER/TIMER_program.o
                0x0000207c                TIMER_voidTimer1ICUInit
 .text.TIMER_voidTimer1ICUSetTriggerEdge
                0x000020d0       0x3e ./MCAL/TIMER/TIMER_program.o
                0x000020d0                TIMER_voidTimer1ICUSetTriggerEdge
 .text.TIMER_voidTimer1ICUGetInputCaptureValue
                0x0000210e       0x16 ./MCAL/TIMER/TIMER_program.o
                0x0000210e                TIMER_voidTimer1ICUGetInputCaptureValue
 .text.TIMER_voidTimer1ICUSetCallBack
                0x00002124       0x24 ./MCAL/TIMER/TIMER_program.o
                0x00002124                TIMER_voidTimer1ICUSetCallBack
 .text.TIMER_voidClearTimer1Value
                0x00002148       0x16 ./MCAL/TIMER/TIMER_program.o
                0x00002148                TIMER_voidClearTimer1Value
 .text.__vector_6
                0x0000215e       0x66 ./MCAL/TIMER/TIMER_program.o
                0x0000215e                __vector_6
 .text.GI_voidEnable
                0x000021c4       0x1c ./MCAL/GI/GI_program.o
                0x000021c4                GI_voidEnable
 .text.GI_voidDisable
                0x000021e0       0x1c ./MCAL/GI/GI_program.o
                0x000021e0                GI_voidDisable
 .text.DIO_voidSetPinDirection
                0x000021fc      0x200 ./MCAL/DIO/DIO_program.o
                0x000021fc                DIO_voidSetPinDirection
 .text.DIO_voidSetPinValue
                0x000023fc      0x200 ./MCAL/DIO/DIO_program.o
                0x000023fc                DIO_voidSetPinValue
 .text.DIO_u8GetPinValue
                0x000025fc       0xf2 ./MCAL/DIO/DIO_program.o
                0x000025fc                DIO_u8GetPinValue
 .text.DIO_voidTogglePinValue
                0x000026ee       0xfa ./MCAL/DIO/DIO_program.o
                0x000026ee                DIO_voidTogglePinValue
 .text.DIO_voidSetPortDirection
                0x000027e8       0x82 ./MCAL/DIO/DIO_program.o
                0x000027e8                DIO_voidSetPortDirection
 .text.DIO_voidSetPortValue
                0x0000286a       0x82 ./MCAL/DIO/DIO_program.o
                0x0000286a                DIO_voidSetPortValue
 .text.DIO_u8GetPortValue
                0x000028ec       0x82 ./MCAL/DIO/DIO_program.o
                0x000028ec                DIO_u8GetPortValue
 .text.ULTRASONIC_voidInit
                0x0000296e       0x3c ./HAL/ULTRASONIC/ULTRASONIC_program.o
                0x0000296e                ULTRASONIC_voidInit
 .text.ULTRASONIC_voidTrigger
                0x000029aa      0x1b6 ./HAL/ULTRASONIC/ULTRASONIC_program.o
                0x000029aa                ULTRASONIC_voidTrigger
 .text.ULTRASONIC_u16GetDistance
                0x00002b60       0x6e ./HAL/ULTRASONIC/ULTRASONIC_program.o
                0x00002b60                ULTRASONIC_u16GetDistance
 .text.ULTRASONIC_voidEdgeProcessing
                0x00002bce       0x4e ./HAL/ULTRASONIC/ULTRASONIC_program.o
                0x00002bce                ULTRASONIC_voidEdgeProcessing
 .text.SERVO_voidTimer1InitOCR1A
                0x00002c1c       0x22 ./HAL/SERVO/SERVO_program.o
                0x00002c1c                SERVO_voidTimer1InitOCR1A
 .text.SERVO_voidTimer1InitOCR1B
                0x00002c3e       0x22 ./HAL/SERVO/SERVO_program.o
                0x00002c3e                SERVO_voidTimer1InitOCR1B
 .text.SERVO_voidTimer1ServoSetAngleOCR1A
                0x00002c60       0x7e ./HAL/SERVO/SERVO_program.o
                0x00002c60                SERVO_voidTimer1ServoSetAngleOCR1A
 .text.SERVO_voidTimer1ServoSetAngleOCR1B
                0x00002cde       0x7e ./HAL/SERVO/SERVO_program.o
                0x00002cde                SERVO_voidTimer1ServoSetAngleOCR1B
 .text.BUZZER_voidBuzzer_Work
                0x00002d5c       0x4c ./HAL/BUZZER/BUZZER_program.o
                0x00002d5c                BUZZER_voidBuzzer_Work
 .text.Robot_voidSpeed
                0x00002da8       0x50 ./APP/main.o
                0x00002da8                Robot_voidSpeed
 .text.Robot_voidStop
                0x00002df8       0x36 ./APP/main.o
                0x00002df8                Robot_voidStop
 .text.Robot_voidForward
                0x00002e2e       0x36 ./APP/main.o
                0x00002e2e                Robot_voidForward
 .text.Robot_voidBackward
                0x00002e64       0x36 ./APP/main.o
                0x00002e64                Robot_voidBackward
 .text.Robot_voidLeft
                0x00002e9a       0x36 ./APP/main.o
                0x00002e9a                Robot_voidLeft
 .text.Robot_voidRight
                0x00002ed0       0x36 ./APP/main.o
                0x00002ed0                Robot_voidRight
 .text.Robot_voidStep
                0x00002f06      0x114 ./APP/main.o
                0x00002f06                Robot_voidStep
 .text.Robot_voidRight90
                0x0000301a      0x316 ./APP/main.o
                0x0000301a                Robot_voidRight90
 .text.Robot_voidLeft90
                0x00003330      0x316 ./APP/main.o
                0x00003330                Robot_voidLeft90
 .text.Robot_voidRevers
                0x00003646      0x316 ./APP/main.o
                0x00003646                Robot_voidRevers
 .text.Robot_voidComparisonlogic
                0x0000395c      0xf64 ./APP/main.o
                0x0000395c                Robot_voidComparisonlogic
 .text.Robot_voidObstacleAvoidingMode
                0x000048c0     0x1992 ./APP/main.o
                0x000048c0                Robot_voidObstacleAvoidingMode
 .text.Robot_voidInit
                0x00006252       0x8e ./APP/main.o
                0x00006252                Robot_voidInit
 .text.main     0x000062e0       0x12 ./APP/main.o
                0x000062e0                main
 .text.libgcc   0x000062f2       0x3e d:/imt_tool/imt_sdk_win_64/winavr/bin/../lib/gcc/avr/4.3.3/avr5\libgcc.a(_mulsi3.o)
                0x000062f2                __mulsi3
 .text.libgcc   0x00006330       0x28 d:/imt_tool/imt_sdk_win_64/winavr/bin/../lib/gcc/avr/4.3.3/avr5\libgcc.a(_udivmodhi4.o)
                0x00006330                __udivmodhi4
 .text.libgcc   0x00006358       0x26 d:/imt_tool/imt_sdk_win_64/winavr/bin/../lib/gcc/avr/4.3.3/avr5\libgcc.a(_divmodhi4.o)
                0x00006358                __divmodhi4
                0x00006358                _div
 .text.libgcc   0x0000637e       0x44 d:/imt_tool/imt_sdk_win_64/winavr/bin/../lib/gcc/avr/4.3.3/avr5\libgcc.a(_udivmodsi4.o)
                0x0000637e                __udivmodsi4
 .text.libgcc   0x000063c2        0x0 d:/imt_tool/imt_sdk_win_64/winavr/bin/../lib/gcc/avr/4.3.3/avr5\libgcc.a(_exit.o)
 .text.libgcc   0x000063c2        0x0 d:/imt_tool/imt_sdk_win_64/winavr/bin/../lib/gcc/avr/4.3.3/avr5\libgcc.a(_clear_bss.o)
 .text.libgcc   0x000063c2       0x38 d:/imt_tool/imt_sdk_win_64/winavr/bin/../lib/gcc/avr/4.3.3/avr5\libgcc.a(_prologue.o)
                0x000063c2                __prologue_saves__
 .text.libgcc   0x000063fa       0x36 d:/imt_tool/imt_sdk_win_64/winavr/bin/../lib/gcc/avr/4.3.3/avr5\libgcc.a(_epilogue.o)
                0x000063fa                __epilogue_restores__
 .text.libgcc   0x00006430        0x0 d:/imt_tool/imt_sdk_win_64/winavr/bin/../lib/gcc/avr/4.3.3/avr5\libgcc.a(_copy_data.o)
                0x00006430                . = ALIGN (0x2)
 *(.fini9)
 .fini9         0x00006430        0x0 d:/imt_tool/imt_sdk_win_64/winavr/bin/../lib/gcc/avr/4.3.3/avr5\libgcc.a(_exit.o)
                0x00006430                exit
                0x00006430                _exit
 *(.fini9)
 *(.fini8)
 *(.fini8)
 *(.fini7)
 *(.fini7)
 *(.fini6)
 *(.fini6)
 *(.fini5)
 *(.fini5)
 *(.fini4)
 *(.fini4)
 *(.fini3)
 *(.fini3)
 *(.fini2)
 *(.fini2)
 *(.fini1)
 *(.fini1)
 *(.fini0)
 .fini0         0x00006430        0x4 d:/imt_tool/imt_sdk_win_64/winavr/bin/../lib/gcc/avr/4.3.3/avr5\libgcc.a(_exit.o)
 *(.fini0)
                0x00006434                _etext = .

.data           0x00800060      0x108 load address 0x00006434
                0x00800060                PROVIDE (__data_start, .)
 *(.data)
 .data          0x00800060        0x0 d:/imt_tool/imt_sdk_win_64/winavr/bin/../lib/gcc/avr/4.3.3/../../../../avr/lib/avr5/crtm32.o
 .data          0x00800060        0x0 ./MCAL/UART/UART_program.o
 .data          0x00800060        0x0 ./MCAL/TIMER/TIMER_program.o
 .data          0x00800060        0x0 ./MCAL/GI/GI_program.o
 .data          0x00800060        0x0 ./MCAL/DIO/DIO_program.o
 .data          0x00800060        0x0 ./HAL/ULTRASONIC/ULTRASONIC_program.o
 .data          0x00800060        0x0 ./HAL/SERVO/SERVO_program.o
 .data          0x00800060        0x0 ./HAL/BUZZER/BUZZER_program.o
 .data          0x00800060        0x0 ./APP/main.o
 .data          0x00800060        0x0 d:/imt_tool/imt_sdk_win_64/winavr/bin/../lib/gcc/avr/4.3.3/avr5\libgcc.a(_mulsi3.o)
 .data          0x00800060        0x0 d:/imt_tool/imt_sdk_win_64/winavr/bin/../lib/gcc/avr/4.3.3/avr5\libgcc.a(_udivmodhi4.o)
 .data          0x00800060        0x0 d:/imt_tool/imt_sdk_win_64/winavr/bin/../lib/gcc/avr/4.3.3/avr5\libgcc.a(_divmodhi4.o)
 .data          0x00800060        0x0 d:/imt_tool/imt_sdk_win_64/winavr/bin/../lib/gcc/avr/4.3.3/avr5\libgcc.a(_udivmodsi4.o)
 .data          0x00800060        0x0 d:/imt_tool/imt_sdk_win_64/winavr/bin/../lib/gcc/avr/4.3.3/avr5\libgcc.a(_exit.o)
 .data          0x00800060        0x0 d:/imt_tool/imt_sdk_win_64/winavr/bin/../lib/gcc/avr/4.3.3/avr5\libgcc.a(_clear_bss.o)
 .data          0x00800060        0x0 d:/imt_tool/imt_sdk_win_64/winavr/bin/../lib/gcc/avr/4.3.3/avr5\libgcc.a(_fixunssfsi.o)
 .data          0x00800060        0x0 d:/imt_tool/imt_sdk_win_64/winavr/bin/../lib/gcc/avr/4.3.3/avr5\libgcc.a(_addsub_sf.o)
 .data          0x00800060        0x0 d:/imt_tool/imt_sdk_win_64/winavr/bin/../lib/gcc/avr/4.3.3/avr5\libgcc.a(_mul_sf.o)
 .data          0x00800060        0x0 d:/imt_tool/imt_sdk_win_64/winavr/bin/../lib/gcc/avr/4.3.3/avr5\libgcc.a(_div_sf.o)
 .data          0x00800060        0x0 d:/imt_tool/imt_sdk_win_64/winavr/bin/../lib/gcc/avr/4.3.3/avr5\libgcc.a(_gt_sf.o)
 .data          0x00800060        0x0 d:/imt_tool/imt_sdk_win_64/winavr/bin/../lib/gcc/avr/4.3.3/avr5\libgcc.a(_ge_sf.o)
 .data          0x00800060        0x0 d:/imt_tool/imt_sdk_win_64/winavr/bin/../lib/gcc/avr/4.3.3/avr5\libgcc.a(_lt_sf.o)
 .data          0x00800060        0x0 d:/imt_tool/imt_sdk_win_64/winavr/bin/../lib/gcc/avr/4.3.3/avr5\libgcc.a(_sf_to_si.o)
 .data          0x00800060        0x8 d:/imt_tool/imt_sdk_win_64/winavr/bin/../lib/gcc/avr/4.3.3/avr5\libgcc.a(_thenan_sf.o)
                0x00800060                __thenan_sf
 .data          0x00800068        0x0 d:/imt_tool/imt_sdk_win_64/winavr/bin/../lib/gcc/avr/4.3.3/avr5\libgcc.a(_usi_to_sf.o)
 .data          0x00800068        0x0 d:/imt_tool/imt_sdk_win_64/winavr/bin/../lib/gcc/avr/4.3.3/avr5\libgcc.a(_prologue.o)
 .data          0x00800068        0x0 d:/imt_tool/imt_sdk_win_64/winavr/bin/../lib/gcc/avr/4.3.3/avr5\libgcc.a(_epilogue.o)
 .data          0x00800068        0x0 d:/imt_tool/imt_sdk_win_64/winavr/bin/../lib/gcc/avr/4.3.3/avr5\libgcc.a(_copy_data.o)
 .data          0x00800068        0x0 d:/imt_tool/imt_sdk_win_64/winavr/bin/../lib/gcc/avr/4.3.3/avr5\libgcc.a(_clzsi2.o)
 .data          0x00800068        0x0 d:/imt_tool/imt_sdk_win_64/winavr/bin/../lib/gcc/avr/4.3.3/avr5\libgcc.a(_pack_sf.o)
 .data          0x00800068        0x0 d:/imt_tool/imt_sdk_win_64/winavr/bin/../lib/gcc/avr/4.3.3/avr5\libgcc.a(_unpack_sf.o)
 .data          0x00800068        0x0 d:/imt_tool/imt_sdk_win_64/winavr/bin/../lib/gcc/avr/4.3.3/avr5\libgcc.a(_fpcmp_parts_sf.o)
 .data          0x00800068      0x100 d:/imt_tool/imt_sdk_win_64/winavr/bin/../lib/gcc/avr/4.3.3/avr5\libgcc.a(_clz.o)
                0x00800068                __clz_tab
 *(.data*)
 *(.rodata)
 *(.rodata*)
 *(.gnu.linkonce.d*)
                0x00800168                . = ALIGN (0x2)
                0x00800168                _edata = .
                0x00800168                PROVIDE (__data_end, .)

.bss            0x00800168       0x32
                0x00800168                PROVIDE (__bss_start, .)
 *(.bss)
 .bss           0x00800168        0x0 d:/imt_tool/imt_sdk_win_64/winavr/bin/../lib/gcc/avr/4.3.3/../../../../avr/lib/avr5/crtm32.o
 .bss           0x00800168        0x0 ./MCAL/UART/UART_program.o
 .bss           0x00800168        0x0 ./MCAL/TIMER/TIMER_program.o
 .bss           0x00800168        0x0 ./MCAL/GI/GI_program.o
 .bss           0x00800168        0x0 ./MCAL/DIO/DIO_program.o
 .bss           0x00800168        0x0 ./HAL/ULTRASONIC/ULTRASONIC_program.o
 .bss           0x00800168        0x0 ./HAL/SERVO/SERVO_program.o
 .bss           0x00800168        0x0 ./HAL/BUZZER/BUZZER_program.o
 .bss           0x00800168        0x0 ./APP/main.o
 .bss           0x00800168        0x0 d:/imt_tool/imt_sdk_win_64/winavr/bin/../lib/gcc/avr/4.3.3/avr5\libgcc.a(_mulsi3.o)
 .bss           0x00800168        0x0 d:/imt_tool/imt_sdk_win_64/winavr/bin/../lib/gcc/avr/4.3.3/avr5\libgcc.a(_udivmodhi4.o)
 .bss           0x00800168        0x0 d:/imt_tool/imt_sdk_win_64/winavr/bin/../lib/gcc/avr/4.3.3/avr5\libgcc.a(_divmodhi4.o)
 .bss           0x00800168        0x0 d:/imt_tool/imt_sdk_win_64/winavr/bin/../lib/gcc/avr/4.3.3/avr5\libgcc.a(_udivmodsi4.o)
 .bss           0x00800168        0x0 d:/imt_tool/imt_sdk_win_64/winavr/bin/../lib/gcc/avr/4.3.3/avr5\libgcc.a(_exit.o)
 .bss           0x00800168        0x0 d:/imt_tool/imt_sdk_win_64/winavr/bin/../lib/gcc/avr/4.3.3/avr5\libgcc.a(_clear_bss.o)
 .bss           0x00800168        0x0 d:/imt_tool/imt_sdk_win_64/winavr/bin/../lib/gcc/avr/4.3.3/avr5\libgcc.a(_fixunssfsi.o)
 .bss           0x00800168        0x0 d:/imt_tool/imt_sdk_win_64/winavr/bin/../lib/gcc/avr/4.3.3/avr5\libgcc.a(_addsub_sf.o)
 .bss           0x00800168        0x0 d:/imt_tool/imt_sdk_win_64/winavr/bin/../lib/gcc/avr/4.3.3/avr5\libgcc.a(_mul_sf.o)
 .bss           0x00800168        0x0 d:/imt_tool/imt_sdk_win_64/winavr/bin/../lib/gcc/avr/4.3.3/avr5\libgcc.a(_div_sf.o)
 .bss           0x00800168        0x0 d:/imt_tool/imt_sdk_win_64/winavr/bin/../lib/gcc/avr/4.3.3/avr5\libgcc.a(_gt_sf.o)
 .bss           0x00800168        0x0 d:/imt_tool/imt_sdk_win_64/winavr/bin/../lib/gcc/avr/4.3.3/avr5\libgcc.a(_ge_sf.o)
 .bss           0x00800168        0x0 d:/imt_tool/imt_sdk_win_64/winavr/bin/../lib/gcc/avr/4.3.3/avr5\libgcc.a(_lt_sf.o)
 .bss           0x00800168        0x0 d:/imt_tool/imt_sdk_win_64/winavr/bin/../lib/gcc/avr/4.3.3/avr5\libgcc.a(_sf_to_si.o)
 .bss           0x00800168        0x0 d:/imt_tool/imt_sdk_win_64/winavr/bin/../lib/gcc/avr/4.3.3/avr5\libgcc.a(_thenan_sf.o)
 .bss           0x00800168        0x0 d:/imt_tool/imt_sdk_win_64/winavr/bin/../lib/gcc/avr/4.3.3/avr5\libgcc.a(_usi_to_sf.o)
 .bss           0x00800168        0x0 d:/imt_tool/imt_sdk_win_64/winavr/bin/../lib/gcc/avr/4.3.3/avr5\libgcc.a(_prologue.o)
 .bss           0x00800168        0x0 d:/imt_tool/imt_sdk_win_64/winavr/bin/../lib/gcc/avr/4.3.3/avr5\libgcc.a(_epilogue.o)
 .bss           0x00800168        0x0 d:/imt_tool/imt_sdk_win_64/winavr/bin/../lib/gcc/avr/4.3.3/avr5\libgcc.a(_copy_data.o)
 .bss           0x00800168        0x0 d:/imt_tool/imt_sdk_win_64/winavr/bin/../lib/gcc/avr/4.3.3/avr5\libgcc.a(_clzsi2.o)
 .bss           0x00800168        0x0 d:/imt_tool/imt_sdk_win_64/winavr/bin/../lib/gcc/avr/4.3.3/avr5\libgcc.a(_pack_sf.o)
 .bss           0x00800168        0x0 d:/imt_tool/imt_sdk_win_64/winavr/bin/../lib/gcc/avr/4.3.3/avr5\libgcc.a(_unpack_sf.o)
 .bss           0x00800168        0x0 d:/imt_tool/imt_sdk_win_64/winavr/bin/../lib/gcc/avr/4.3.3/avr5\libgcc.a(_fpcmp_parts_sf.o)
 .bss           0x00800168        0x0 d:/imt_tool/imt_sdk_win_64/winavr/bin/../lib/gcc/avr/4.3.3/avr5\libgcc.a(_clz.o)
 *(.bss*)
 .bss.Local_u16Counter.1297
                0x00800168        0x2 ./MCAL/TIMER/TIMER_program.o
 .bss.Local_u8Counter.1312
                0x0080016a        0x2 ./MCAL/TIMER/TIMER_program.o
 .bss.Local_u16Counter.1373
                0x0080016c        0x2 ./MCAL/TIMER/TIMER_program.o
 .bss.Local_u8Counter.1388
                0x0080016e        0x2 ./MCAL/TIMER/TIMER_program.o
 .bss.TIMER0_pSetCallBack
                0x00800170        0x2 ./MCAL/TIMER/TIMER_program.o
 .bss.TIMER2_pSetCallBack
                0x00800172        0x2 ./MCAL/TIMER/TIMER_program.o
 .bss.Timer1_pICUSetCallBack
                0x00800174        0x2 ./MCAL/TIMER/TIMER_program.o
 .bss.ULTRASONIC_u8EdgeCounter
                0x00800176        0x1 ./HAL/ULTRASONIC/ULTRASONIC_program.o
                0x00800176                ULTRASONIC_u8EdgeCounter
 .bss.ULTRASONIC_u16TimeON
                0x00800177        0x2 ./HAL/ULTRASONIC/ULTRASONIC_program.o
                0x00800177                ULTRASONIC_u16TimeON
 *(COMMON)
 COMMON         0x00800179       0x21 ./MCAL/TIMER/TIMER_program.o
                0x00800179                TIMER1_u8MODEPWM
                0x0080017a                TIMER0_f32PreloodValue
                0x0080017e                TIMER0_f32OVCounterTmp
                0x00800182                TIMER0_u16Prescaller
                0x00800186                TIMER2_f32OVCounter
                0x0080018a                TIMER2_u16Prescaller
                0x0080018e                TIMER0_f32CounterCTC
                0x00800192                TIMER2_f32CounterCTC
                0x00800196                TIMER2_f32PreloodValue
                0x0080019a                PROVIDE (__bss_end, .)
                0x00006434                __data_load_start = LOADADDR (.data)
                0x0000653c                __data_load_end = (__data_load_start + SIZEOF (.data))

.noinit         0x0080019a        0x0
                0x0080019a                PROVIDE (__noinit_start, .)
 *(.noinit*)
                0x0080019a                PROVIDE (__noinit_end, .)
                0x0080019a                _end = .
                0x0080019a                PROVIDE (__heap_start, .)

.eeprom         0x00810000        0x0
 *(.eeprom*)
                0x00810000                __eeprom_end = .

.fuse
 *(.fuse)
 *(.lfuse)
 *(.hfuse)
 *(.efuse)

.lock
 *(.lock*)

.signature
 *(.signature*)

.stab           0x00000000     0x4a40
 *(.stab)
 .stab          0x00000000      0x6cc ./MCAL/UART/UART_program.o
 .stab          0x000006cc      0xf30 ./MCAL/TIMER/TIMER_program.o
                                0xfcc (size before relaxing)
 .stab          0x000015fc      0x144 ./MCAL/GI/GI_program.o
                                0x1e0 (size before relaxing)
 .stab          0x00001740      0x540 ./MCAL/DIO/DIO_program.o
                                0x5dc (size before relaxing)
 .stab          0x00001c80      0x420 ./HAL/ULTRASONIC/ULTRASONIC_program.o
                                0x648 (size before relaxing)
 .stab          0x000020a0      0x24c ./HAL/SERVO/SERVO_program.o
                                0x2e8 (size before relaxing)
 .stab          0x000022ec      0x138 ./HAL/BUZZER/BUZZER_program.o
                                0x1d4 (size before relaxing)
 .stab          0x00002424     0x261c ./APP/main.o
                               0x2838 (size before relaxing)

.stabstr        0x00000000     0x168a
 *(.stabstr)
 .stabstr       0x00000000     0x168a ./MCAL/UART/UART_program.o

.stab.excl
 *(.stab.excl)

.stab.exclstr
 *(.stab.exclstr)

.stab.index
 *(.stab.index)

.stab.indexstr
 *(.stab.indexstr)

.comment
 *(.comment)

.debug
 *(.debug)

.line
 *(.line)

.debug_srcinfo
 *(.debug_srcinfo)

.debug_sfnames
 *(.debug_sfnames)

.debug_aranges  0x00000000      0x1a0
 *(.debug_aranges)
 .debug_aranges
                0x00000000       0x20 d:/imt_tool/imt_sdk_win_64/winavr/bin/../lib/gcc/avr/4.3.3/avr5\libgcc.a(_fixunssfsi.o)
 .debug_aranges
                0x00000020       0x20 d:/imt_tool/imt_sdk_win_64/winavr/bin/../lib/gcc/avr/4.3.3/avr5\libgcc.a(_addsub_sf.o)
 .debug_aranges
                0x00000040       0x20 d:/imt_tool/imt_sdk_win_64/winavr/bin/../lib/gcc/avr/4.3.3/avr5\libgcc.a(_mul_sf.o)
 .debug_aranges
                0x00000060       0x20 d:/imt_tool/imt_sdk_win_64/winavr/bin/../lib/gcc/avr/4.3.3/avr5\libgcc.a(_div_sf.o)
 .debug_aranges
                0x00000080       0x20 d:/imt_tool/imt_sdk_win_64/winavr/bin/../lib/gcc/avr/4.3.3/avr5\libgcc.a(_gt_sf.o)
 .debug_aranges
                0x000000a0       0x20 d:/imt_tool/imt_sdk_win_64/winavr/bin/../lib/gcc/avr/4.3.3/avr5\libgcc.a(_ge_sf.o)
 .debug_aranges
                0x000000c0       0x20 d:/imt_tool/imt_sdk_win_64/winavr/bin/../lib/gcc/avr/4.3.3/avr5\libgcc.a(_lt_sf.o)
 .debug_aranges
                0x000000e0       0x20 d:/imt_tool/imt_sdk_win_64/winavr/bin/../lib/gcc/avr/4.3.3/avr5\libgcc.a(_sf_to_si.o)
 .debug_aranges
                0x00000100       0x20 d:/imt_tool/imt_sdk_win_64/winavr/bin/../lib/gcc/avr/4.3.3/avr5\libgcc.a(_usi_to_sf.o)
 .debug_aranges
                0x00000120       0x20 d:/imt_tool/imt_sdk_win_64/winavr/bin/../lib/gcc/avr/4.3.3/avr5\libgcc.a(_clzsi2.o)
 .debug_aranges
                0x00000140       0x20 d:/imt_tool/imt_sdk_win_64/winavr/bin/../lib/gcc/avr/4.3.3/avr5\libgcc.a(_pack_sf.o)
 .debug_aranges
                0x00000160       0x20 d:/imt_tool/imt_sdk_win_64/winavr/bin/../lib/gcc/avr/4.3.3/avr5\libgcc.a(_unpack_sf.o)
 .debug_aranges
                0x00000180       0x20 d:/imt_tool/imt_sdk_win_64/winavr/bin/../lib/gcc/avr/4.3.3/avr5\libgcc.a(_fpcmp_parts_sf.o)

.debug_pubnames
                0x00000000      0x1f2
 *(.debug_pubnames)
 .debug_pubnames
                0x00000000       0x23 d:/imt_tool/imt_sdk_win_64/winavr/bin/../lib/gcc/avr/4.3.3/avr5\libgcc.a(_fixunssfsi.o)
 .debug_pubnames
                0x00000023       0x2c d:/imt_tool/imt_sdk_win_64/winavr/bin/../lib/gcc/avr/4.3.3/avr5\libgcc.a(_addsub_sf.o)
 .debug_pubnames
                0x0000004f       0x1f d:/imt_tool/imt_sdk_win_64/winavr/bin/../lib/gcc/avr/4.3.3/avr5\libgcc.a(_mul_sf.o)
 .debug_pubnames
                0x0000006e       0x1f d:/imt_tool/imt_sdk_win_64/winavr/bin/../lib/gcc/avr/4.3.3/avr5\libgcc.a(_div_sf.o)
 .debug_pubnames
                0x0000008d       0x1e d:/imt_tool/imt_sdk_win_64/winavr/bin/../lib/gcc/avr/4.3.3/avr5\libgcc.a(_gt_sf.o)
 .debug_pubnames
                0x000000ab       0x1e d:/imt_tool/imt_sdk_win_64/winavr/bin/../lib/gcc/avr/4.3.3/avr5\libgcc.a(_ge_sf.o)
 .debug_pubnames
                0x000000c9       0x1e d:/imt_tool/imt_sdk_win_64/winavr/bin/../lib/gcc/avr/4.3.3/avr5\libgcc.a(_lt_sf.o)
 .debug_pubnames
                0x000000e7       0x20 d:/imt_tool/imt_sdk_win_64/winavr/bin/../lib/gcc/avr/4.3.3/avr5\libgcc.a(_sf_to_si.o)
 .debug_pubnames
                0x00000107       0x22 d:/imt_tool/imt_sdk_win_64/winavr/bin/../lib/gcc/avr/4.3.3/avr5\libgcc.a(_thenan_sf.o)
 .debug_pubnames
                0x00000129       0x24 d:/imt_tool/imt_sdk_win_64/winavr/bin/../lib/gcc/avr/4.3.3/avr5\libgcc.a(_usi_to_sf.o)
 .debug_pubnames
                0x0000014d       0x1f d:/imt_tool/imt_sdk_win_64/winavr/bin/../lib/gcc/avr/4.3.3/avr5\libgcc.a(_clzsi2.o)
 .debug_pubnames
                0x0000016c       0x1f d:/imt_tool/imt_sdk_win_64/winavr/bin/../lib/gcc/avr/4.3.3/avr5\libgcc.a(_pack_sf.o)
 .debug_pubnames
                0x0000018b       0x21 d:/imt_tool/imt_sdk_win_64/winavr/bin/../lib/gcc/avr/4.3.3/avr5\libgcc.a(_unpack_sf.o)
 .debug_pubnames
                0x000001ac       0x26 d:/imt_tool/imt_sdk_win_64/winavr/bin/../lib/gcc/avr/4.3.3/avr5\libgcc.a(_fpcmp_parts_sf.o)
 .debug_pubnames
                0x000001d2       0x20 d:/imt_tool/imt_sdk_win_64/winavr/bin/../lib/gcc/avr/4.3.3/avr5\libgcc.a(_clz.o)

.debug_info     0x00000000     0x240b
 *(.debug_info)
 .debug_info    0x00000000       0xb1 d:/imt_tool/imt_sdk_win_64/winavr/bin/../lib/gcc/avr/4.3.3/avr5\libgcc.a(_fixunssfsi.o)
 .debug_info    0x000000b1      0x47a d:/imt_tool/imt_sdk_win_64/winavr/bin/../lib/gcc/avr/4.3.3/avr5\libgcc.a(_addsub_sf.o)
 .debug_info    0x0000052b      0x485 d:/imt_tool/imt_sdk_win_64/winavr/bin/../lib/gcc/avr/4.3.3/avr5\libgcc.a(_mul_sf.o)
 .debug_info    0x000009b0      0x3fc d:/imt_tool/imt_sdk_win_64/winavr/bin/../lib/gcc/avr/4.3.3/avr5\libgcc.a(_div_sf.o)
 .debug_info    0x00000dac      0x27f d:/imt_tool/imt_sdk_win_64/winavr/bin/../lib/gcc/avr/4.3.3/avr5\libgcc.a(_gt_sf.o)
 .debug_info    0x0000102b      0x27f d:/imt_tool/imt_sdk_win_64/winavr/bin/../lib/gcc/avr/4.3.3/avr5\libgcc.a(_ge_sf.o)
 .debug_info    0x000012aa      0x27f d:/imt_tool/imt_sdk_win_64/winavr/bin/../lib/gcc/avr/4.3.3/avr5\libgcc.a(_lt_sf.o)
 .debug_info    0x00001529      0x2b0 d:/imt_tool/imt_sdk_win_64/winavr/bin/../lib/gcc/avr/4.3.3/avr5\libgcc.a(_sf_to_si.o)
 .debug_info    0x000017d9      0x12c d:/imt_tool/imt_sdk_win_64/winavr/bin/../lib/gcc/avr/4.3.3/avr5\libgcc.a(_thenan_sf.o)
 .debug_info    0x00001905      0x206 d:/imt_tool/imt_sdk_win_64/winavr/bin/../lib/gcc/avr/4.3.3/avr5\libgcc.a(_usi_to_sf.o)
 .debug_info    0x00001b0b      0x117 d:/imt_tool/imt_sdk_win_64/winavr/bin/../lib/gcc/avr/4.3.3/avr5\libgcc.a(_clzsi2.o)
 .debug_info    0x00001c22      0x2df d:/imt_tool/imt_sdk_win_64/winavr/bin/../lib/gcc/avr/4.3.3/avr5\libgcc.a(_pack_sf.o)
 .debug_info    0x00001f01      0x251 d:/imt_tool/imt_sdk_win_64/winavr/bin/../lib/gcc/avr/4.3.3/avr5\libgcc.a(_unpack_sf.o)
 .debug_info    0x00002152      0x210 d:/imt_tool/imt_sdk_win_64/winavr/bin/../lib/gcc/avr/4.3.3/avr5\libgcc.a(_fpcmp_parts_sf.o)
 .debug_info    0x00002362       0xa9 d:/imt_tool/imt_sdk_win_64/winavr/bin/../lib/gcc/avr/4.3.3/avr5\libgcc.a(_clz.o)
 *(.gnu.linkonce.wi.*)

.debug_abbrev   0x00000000     0x1386
 *(.debug_abbrev)
 .debug_abbrev  0x00000000       0x5d d:/imt_tool/imt_sdk_win_64/winavr/bin/../lib/gcc/avr/4.3.3/avr5\libgcc.a(_fixunssfsi.o)
 .debug_abbrev  0x0000005d      0x1ea d:/imt_tool/imt_sdk_win_64/winavr/bin/../lib/gcc/avr/4.3.3/avr5\libgcc.a(_addsub_sf.o)
 .debug_abbrev  0x00000247      0x21b d:/imt_tool/imt_sdk_win_64/winavr/bin/../lib/gcc/avr/4.3.3/avr5\libgcc.a(_mul_sf.o)
 .debug_abbrev  0x00000462      0x216 d:/imt_tool/imt_sdk_win_64/winavr/bin/../lib/gcc/avr/4.3.3/avr5\libgcc.a(_div_sf.o)
 .debug_abbrev  0x00000678      0x15a d:/imt_tool/imt_sdk_win_64/winavr/bin/../lib/gcc/avr/4.3.3/avr5\libgcc.a(_gt_sf.o)
 .debug_abbrev  0x000007d2      0x15a d:/imt_tool/imt_sdk_win_64/winavr/bin/../lib/gcc/avr/4.3.3/avr5\libgcc.a(_ge_sf.o)
 .debug_abbrev  0x0000092c      0x15a d:/imt_tool/imt_sdk_win_64/winavr/bin/../lib/gcc/avr/4.3.3/avr5\libgcc.a(_lt_sf.o)
 .debug_abbrev  0x00000a86      0x17f d:/imt_tool/imt_sdk_win_64/winavr/bin/../lib/gcc/avr/4.3.3/avr5\libgcc.a(_sf_to_si.o)
 .debug_abbrev  0x00000c05       0xad d:/imt_tool/imt_sdk_win_64/winavr/bin/../lib/gcc/avr/4.3.3/avr5\libgcc.a(_thenan_sf.o)
 .debug_abbrev  0x00000cb2      0x157 d:/imt_tool/imt_sdk_win_64/winavr/bin/../lib/gcc/avr/4.3.3/avr5\libgcc.a(_usi_to_sf.o)
 .debug_abbrev  0x00000e09       0xc4 d:/imt_tool/imt_sdk_win_64/winavr/bin/../lib/gcc/avr/4.3.3/avr5\libgcc.a(_clzsi2.o)
 .debug_abbrev  0x00000ecd      0x1c0 d:/imt_tool/imt_sdk_win_64/winavr/bin/../lib/gcc/avr/4.3.3/avr5\libgcc.a(_pack_sf.o)
 .debug_abbrev  0x0000108d      0x154 d:/imt_tool/imt_sdk_win_64/winavr/bin/../lib/gcc/avr/4.3.3/avr5\libgcc.a(_unpack_sf.o)
 .debug_abbrev  0x000011e1      0x13b d:/imt_tool/imt_sdk_win_64/winavr/bin/../lib/gcc/avr/4.3.3/avr5\libgcc.a(_fpcmp_parts_sf.o)
 .debug_abbrev  0x0000131c       0x6a d:/imt_tool/imt_sdk_win_64/winavr/bin/../lib/gcc/avr/4.3.3/avr5\libgcc.a(_clz.o)

.debug_line     0x00000000     0x11d6
 *(.debug_line)
 .debug_line    0x00000000       0xa7 d:/imt_tool/imt_sdk_win_64/winavr/bin/../lib/gcc/avr/4.3.3/avr5\libgcc.a(_fixunssfsi.o)
 .debug_line    0x000000a7      0x2af d:/imt_tool/imt_sdk_win_64/winavr/bin/../lib/gcc/avr/4.3.3/avr5\libgcc.a(_addsub_sf.o)
 .debug_line    0x00000356      0x239 d:/imt_tool/imt_sdk_win_64/winavr/bin/../lib/gcc/avr/4.3.3/avr5\libgcc.a(_mul_sf.o)
 .debug_line    0x0000058f      0x1d5 d:/imt_tool/imt_sdk_win_64/winavr/bin/../lib/gcc/avr/4.3.3/avr5\libgcc.a(_div_sf.o)
 .debug_line    0x00000764       0xd3 d:/imt_tool/imt_sdk_win_64/winavr/bin/../lib/gcc/avr/4.3.3/avr5\libgcc.a(_gt_sf.o)
 .debug_line    0x00000837       0xd3 d:/imt_tool/imt_sdk_win_64/winavr/bin/../lib/gcc/avr/4.3.3/avr5\libgcc.a(_ge_sf.o)
 .debug_line    0x0000090a       0xd3 d:/imt_tool/imt_sdk_win_64/winavr/bin/../lib/gcc/avr/4.3.3/avr5\libgcc.a(_lt_sf.o)
 .debug_line    0x000009dd      0x109 d:/imt_tool/imt_sdk_win_64/winavr/bin/../lib/gcc/avr/4.3.3/avr5\libgcc.a(_sf_to_si.o)
 .debug_line    0x00000ae6       0x90 d:/imt_tool/imt_sdk_win_64/winavr/bin/../lib/gcc/avr/4.3.3/avr5\libgcc.a(_thenan_sf.o)
 .debug_line    0x00000b76      0x133 d:/imt_tool/imt_sdk_win_64/winavr/bin/../lib/gcc/avr/4.3.3/avr5\libgcc.a(_usi_to_sf.o)
 .debug_line    0x00000ca9       0xa5 d:/imt_tool/imt_sdk_win_64/winavr/bin/../lib/gcc/avr/4.3.3/avr5\libgcc.a(_clzsi2.o)
 .debug_line    0x00000d4e      0x18a d:/imt_tool/imt_sdk_win_64/winavr/bin/../lib/gcc/avr/4.3.3/avr5\libgcc.a(_pack_sf.o)
 .debug_line    0x00000ed8      0x14b d:/imt_tool/imt_sdk_win_64/winavr/bin/../lib/gcc/avr/4.3.3/avr5\libgcc.a(_unpack_sf.o)
 .debug_line    0x00001023      0x137 d:/imt_tool/imt_sdk_win_64/winavr/bin/../lib/gcc/avr/4.3.3/avr5\libgcc.a(_fpcmp_parts_sf.o)
 .debug_line    0x0000115a       0x7c d:/imt_tool/imt_sdk_win_64/winavr/bin/../lib/gcc/avr/4.3.3/avr5\libgcc.a(_clz.o)

.debug_frame    0x00000000      0x1c0
 *(.debug_frame)
 .debug_frame   0x00000000       0x20 d:/imt_tool/imt_sdk_win_64/winavr/bin/../lib/gcc/avr/4.3.3/avr5\libgcc.a(_fixunssfsi.o)
 .debug_frame   0x00000020       0x40 d:/imt_tool/imt_sdk_win_64/winavr/bin/../lib/gcc/avr/4.3.3/avr5\libgcc.a(_addsub_sf.o)
 .debug_frame   0x00000060       0x20 d:/imt_tool/imt_sdk_win_64/winavr/bin/../lib/gcc/avr/4.3.3/avr5\libgcc.a(_mul_sf.o)
 .debug_frame   0x00000080       0x20 d:/imt_tool/imt_sdk_win_64/winavr/bin/../lib/gcc/avr/4.3.3/avr5\libgcc.a(_div_sf.o)
 .debug_frame   0x000000a0       0x20 d:/imt_tool/imt_sdk_win_64/winavr/bin/../lib/gcc/avr/4.3.3/avr5\libgcc.a(_gt_sf.o)
 .debug_frame   0x000000c0       0x20 d:/imt_tool/imt_sdk_win_64/winavr/bin/../lib/gcc/avr/4.3.3/avr5\libgcc.a(_ge_sf.o)
 .debug_frame   0x000000e0       0x20 d:/imt_tool/imt_sdk_win_64/winavr/bin/../lib/gcc/avr/4.3.3/avr5\libgcc.a(_lt_sf.o)
 .debug_frame   0x00000100       0x20 d:/imt_tool/imt_sdk_win_64/winavr/bin/../lib/gcc/avr/4.3.3/avr5\libgcc.a(_sf_to_si.o)
 .debug_frame   0x00000120       0x20 d:/imt_tool/imt_sdk_win_64/winavr/bin/../lib/gcc/avr/4.3.3/avr5\libgcc.a(_usi_to_sf.o)
 .debug_frame   0x00000140       0x20 d:/imt_tool/imt_sdk_win_64/winavr/bin/../lib/gcc/avr/4.3.3/avr5\libgcc.a(_clzsi2.o)
 .debug_frame   0x00000160       0x20 d:/imt_tool/imt_sdk_win_64/winavr/bin/../lib/gcc/avr/4.3.3/avr5\libgcc.a(_pack_sf.o)
 .debug_frame   0x00000180       0x20 d:/imt_tool/imt_sdk_win_64/winavr/bin/../lib/gcc/avr/4.3.3/avr5\libgcc.a(_unpack_sf.o)
 .debug_frame   0x000001a0       0x20 d:/imt_tool/imt_sdk_win_64/winavr/bin/../lib/gcc/avr/4.3.3/avr5\libgcc.a(_fpcmp_parts_sf.o)

.debug_str      0x00000000      0x2f6
 *(.debug_str)
 .debug_str     0x00000000       0xbf d:/imt_tool/imt_sdk_win_64/winavr/bin/../lib/gcc/avr/4.3.3/avr5\libgcc.a(_fixunssfsi.o)
                                 0xfe (size before relaxing)
 .debug_str     0x000000bf      0x14d d:/imt_tool/imt_sdk_win_64/winavr/bin/../lib/gcc/avr/4.3.3/avr5\libgcc.a(_addsub_sf.o)
                                0x206 (size before relaxing)
 .debug_str     0x0000020c       0x27 d:/imt_tool/imt_sdk_win_64/winavr/bin/../lib/gcc/avr/4.3.3/avr5\libgcc.a(_mul_sf.o)
                                0x1bf (size before relaxing)
 .debug_str     0x00000233       0x35 d:/imt_tool/imt_sdk_win_64/winavr/bin/../lib/gcc/avr/4.3.3/avr5\libgcc.a(_div_sf.o)
                                0x1c8 (size before relaxing)
 .debug_str     0x00000268        0x8 d:/imt_tool/imt_sdk_win_64/winavr/bin/../lib/gcc/avr/4.3.3/avr5\libgcc.a(_gt_sf.o)
                                0x195 (size before relaxing)
 .debug_str     0x00000270        0x8 d:/imt_tool/imt_sdk_win_64/winavr/bin/../lib/gcc/avr/4.3.3/avr5\libgcc.a(_ge_sf.o)
                                0x195 (size before relaxing)
 .debug_str     0x00000278        0x8 d:/imt_tool/imt_sdk_win_64/winavr/bin/../lib/gcc/avr/4.3.3/avr5\libgcc.a(_lt_sf.o)
                                0x195 (size before relaxing)
 .debug_str     0x00000280        0xa d:/imt_tool/imt_sdk_win_64/winavr/bin/../lib/gcc/avr/4.3.3/avr5\libgcc.a(_sf_to_si.o)
                                0x19e (size before relaxing)
 .debug_str     0x00000000      0x103 d:/imt_tool/imt_sdk_win_64/winavr/bin/../lib/gcc/avr/4.3.3/avr5\libgcc.a(_thenan_sf.o)
 .debug_str     0x0000028a       0x21 d:/imt_tool/imt_sdk_win_64/winavr/bin/../lib/gcc/avr/4.3.3/avr5\libgcc.a(_usi_to_sf.o)
                                0x177 (size before relaxing)
 .debug_str     0x000002ab       0x20 d:/imt_tool/imt_sdk_win_64/winavr/bin/../lib/gcc/avr/4.3.3/avr5\libgcc.a(_clzsi2.o)
                                0x111 (size before relaxing)
 .debug_str     0x000002cb       0x10 d:/imt_tool/imt_sdk_win_64/winavr/bin/../lib/gcc/avr/4.3.3/avr5\libgcc.a(_pack_sf.o)
                                0x19d (size before relaxing)
 .debug_str     0x000002db        0xb d:/imt_tool/imt_sdk_win_64/winavr/bin/../lib/gcc/avr/4.3.3/avr5\libgcc.a(_unpack_sf.o)
                                0x17f (size before relaxing)
 .debug_str     0x000002e6       0x10 d:/imt_tool/imt_sdk_win_64/winavr/bin/../lib/gcc/avr/4.3.3/avr5\libgcc.a(_fpcmp_parts_sf.o)
                                0x163 (size before relaxing)
 .debug_str     0x00000000       0xf4 d:/imt_tool/imt_sdk_win_64/winavr/bin/../lib/gcc/avr/4.3.3/avr5\libgcc.a(_clz.o)

.debug_loc      0x00000000      0x96e
 *(.debug_loc)
 .debug_loc     0x00000000       0x34 d:/imt_tool/imt_sdk_win_64/winavr/bin/../lib/gcc/avr/4.3.3/avr5\libgcc.a(_fixunssfsi.o)
 .debug_loc     0x00000034      0x32a d:/imt_tool/imt_sdk_win_64/winavr/bin/../lib/gcc/avr/4.3.3/avr5\libgcc.a(_addsub_sf.o)
 .debug_loc     0x0000035e      0x104 d:/imt_tool/imt_sdk_win_64/winavr/bin/../lib/gcc/avr/4.3.3/avr5\libgcc.a(_mul_sf.o)
 .debug_loc     0x00000462       0xc0 d:/imt_tool/imt_sdk_win_64/winavr/bin/../lib/gcc/avr/4.3.3/avr5\libgcc.a(_div_sf.o)
 .debug_loc     0x00000522       0x3c d:/imt_tool/imt_sdk_win_64/winavr/bin/../lib/gcc/avr/4.3.3/avr5\libgcc.a(_gt_sf.o)
 .debug_loc     0x0000055e       0x3c d:/imt_tool/imt_sdk_win_64/winavr/bin/../lib/gcc/avr/4.3.3/avr5\libgcc.a(_ge_sf.o)
 .debug_loc     0x0000059a       0x3c d:/imt_tool/imt_sdk_win_64/winavr/bin/../lib/gcc/avr/4.3.3/avr5\libgcc.a(_lt_sf.o)
 .debug_loc     0x000005d6       0x7e d:/imt_tool/imt_sdk_win_64/winavr/bin/../lib/gcc/avr/4.3.3/avr5\libgcc.a(_sf_to_si.o)
 .debug_loc     0x00000654       0x4c d:/imt_tool/imt_sdk_win_64/winavr/bin/../lib/gcc/avr/4.3.3/avr5\libgcc.a(_usi_to_sf.o)
 .debug_loc     0x000006a0       0x94 d:/imt_tool/imt_sdk_win_64/winavr/bin/../lib/gcc/avr/4.3.3/avr5\libgcc.a(_clzsi2.o)
 .debug_loc     0x00000734      0x13e d:/imt_tool/imt_sdk_win_64/winavr/bin/../lib/gcc/avr/4.3.3/avr5\libgcc.a(_pack_sf.o)
 .debug_loc     0x00000872       0xac d:/imt_tool/imt_sdk_win_64/winavr/bin/../lib/gcc/avr/4.3.3/avr5\libgcc.a(_unpack_sf.o)
 .debug_loc     0x0000091e       0x50 d:/imt_tool/imt_sdk_win_64/winavr/bin/../lib/gcc/avr/4.3.3/avr5\libgcc.a(_fpcmp_parts_sf.o)

.debug_macinfo
 *(.debug_macinfo)
OUTPUT(AVR_Car_Robot_Obstacle_Avoiding.elf elf32-avr)
LOAD linker stubs

.debug_ranges   0x00000000       0x50
 .debug_ranges  0x00000000       0x50 d:/imt_tool/imt_sdk_win_64/winavr/bin/../lib/gcc/avr/4.3.3/avr5\libgcc.a(_mul_sf.o)
